
> portfolio@0.1.0 build
> next build

node.exe : ΓÜá 
`images.domains` is 
deprecated in favor of 
`images.remotePatterns`. 
Please update 
next.config.ts to protect 
your application from 
malicious users.
At line:1 char:1
+ & "C:\Program 
Files\nodejs/node.exe" 
"C:\Program 
Files\nodejs/node_mo ...
+ ~~~~~~~~~~~~~~~~~~~~~~~~
~~~~~~~~~~~~~~~~~~~~~~~~~~
~~~~~~~~~~~~~~~~~~~
    + CategoryInfo        
      : NotSpecified: (Γ  
  Üá `images.dom...alic   
 ious users.:String) [    
], RemoteException
    + FullyQualifiedError 
   Id : NativeCommandErr  
  or
 
ΓÜá Warning: Next.js 
inferred your workspace 
root, but it may not be 
correct.
 We detected multiple 
lockfiles and selected 
the directory of C:\Users\
Asus\package-lock.json as 
the root directory.
 To silence this warning, 
set `turbopack.root` in 
your Next.js config, or 
consider removing one of 
the lockfiles if it's not 
needed.
   See https://nextjs.org/
docs/app/api-reference/con
fig/next-config-js/turbopa
ck#root-directory for 
more information.
 Detected additional 
lockfiles: 
   * C:\Users\Asus\Desktop
\TT\portfolio\package-lock
.json

Γû▓ Next.js 16.1.3 (Turbopack)
- Experiments (use with caution):
  ┬╖ serverActions

  Creating an optimized production build ...
Γ¿» ERROR: This build is 
using Turbopack, with a 
`webpack` config and no 
`turbopack` config.
   This may be a mistake.

   As of Next.js 16 
Turbopack is enabled by 
default and
   custom webpack 
configurations may need 
to be migrated to 
Turbopack.

   NOTE: your `webpack` 
config may have been 
added by a configuration 
plugin.

   To configure 
Turbopack, see https://nex
tjs.org/docs/app/api-refer
ence/next-config-js/turbop
ack

   TIP: Many applications 
work fine under Turbopack 
with no configuration,
   if that is the case 
for you, you can silence 
this error by passing the
   `--turbopack` or 
`--webpack` flag 
explicitly or simply 
setting an 
   empty turbopack config 
in your Next config file 
(e.g. `turbopack: {}`).

> Build error occurred
Error: Call retries were 
exceeded
    at ignore-listed 
frames {
  type: 'WorkerError'
}
